Archive member included to satisfy reference by file (symbol)

D:/STM32CubeIDE_1.16.1/STM32CubeIDE/plugins/com.st.stm32cube.ide.mcu.externaltools.gnu-tools-for-stm32.12.3.rel1.win32_1.0.200.202406191623/tools/bin/../lib/gcc/arm-none-eabi/12.3.1/../../../../arm-none-eabi/lib/thumb/v7e-m+fp/hard\libc_nano.a(libc_a-exit.o)
                              D:/STM32CubeIDE_1.16.1/STM32CubeIDE/plugins/com.st.stm32cube.ide.mcu.externaltools.gnu-tools-for-stm32.12.3.rel1.win32_1.0.200.202406191623/tools/bin/../lib/gcc/arm-none-eabi/12.3.1/../../../../arm-none-eabi/lib/thumb/v7e-m+fp/hard/crt0.o (exit)
D:/STM32CubeIDE_1.16.1/STM32CubeIDE/plugins/com.st.stm32cube.ide.mcu.externaltools.gnu-tools-for-stm32.12.3.rel1.win32_1.0.200.202406191623/tools/bin/../lib/gcc/arm-none-eabi/12.3.1/../../../../arm-none-eabi/lib/thumb/v7e-m+fp/hard\libc_nano.a(libc_a-findfp.o)
                              D:/STM32CubeIDE_1.16.1/STM32CubeIDE/plugins/com.st.stm32cube.ide.mcu.externaltools.gnu-tools-for-stm32.12.3.rel1.win32_1.0.200.202406191623/tools/bin/../lib/gcc/arm-none-eabi/12.3.1/../../../../arm-none-eabi/lib/thumb/v7e-m+fp/hard\libc_nano.a(libc_a-exit.o) (__stdio_exit_handler)
D:/STM32CubeIDE_1.16.1/STM32CubeIDE/plugins/com.st.stm32cube.ide.mcu.externaltools.gnu-tools-for-stm32.12.3.rel1.win32_1.0.200.202406191623/tools/bin/../lib/gcc/arm-none-eabi/12.3.1/../../../../arm-none-eabi/lib/thumb/v7e-m+fp/hard\libc_nano.a(libc_a-fwalk.o)
                              D:/STM32CubeIDE_1.16.1/STM32CubeIDE/plugins/com.st.stm32cube.ide.mcu.externaltools.gnu-tools-for-stm32.12.3.rel1.win32_1.0.200.202406191623/tools/bin/../lib/gcc/arm-none-eabi/12.3.1/../../../../arm-none-eabi/lib/thumb/v7e-m+fp/hard\libc_nano.a(libc_a-findfp.o) (_fwalk_sglue)
D:/STM32CubeIDE_1.16.1/STM32CubeIDE/plugins/com.st.stm32cube.ide.mcu.externaltools.gnu-tools-for-stm32.12.3.rel1.win32_1.0.200.202406191623/tools/bin/../lib/gcc/arm-none-eabi/12.3.1/../../../../arm-none-eabi/lib/thumb/v7e-m+fp/hard\libc_nano.a(libc_a-stdio.o)
                              D:/STM32CubeIDE_1.16.1/STM32CubeIDE/plugins/com.st.stm32cube.ide.mcu.externaltools.gnu-tools-for-stm32.12.3.rel1.win32_1.0.200.202406191623/tools/bin/../lib/gcc/arm-none-eabi/12.3.1/../../../../arm-none-eabi/lib/thumb/v7e-m+fp/hard\libc_nano.a(libc_a-findfp.o) (__sread)
D:/STM32CubeIDE_1.16.1/STM32CubeIDE/plugins/com.st.stm32cube.ide.mcu.externaltools.gnu-tools-for-stm32.12.3.rel1.win32_1.0.200.202406191623/tools/bin/../lib/gcc/arm-none-eabi/12.3.1/../../../../arm-none-eabi/lib/thumb/v7e-m+fp/hard\libc_nano.a(libc_a-memset.o)
                              D:/STM32CubeIDE_1.16.1/STM32CubeIDE/plugins/com.st.stm32cube.ide.mcu.externaltools.gnu-tools-for-stm32.12.3.rel1.win32_1.0.200.202406191623/tools/bin/../lib/gcc/arm-none-eabi/12.3.1/../../../../arm-none-eabi/lib/thumb/v7e-m+fp/hard/crt0.o (memset)
D:/STM32CubeIDE_1.16.1/STM32CubeIDE/plugins/com.st.stm32cube.ide.mcu.externaltools.gnu-tools-for-stm32.12.3.rel1.win32_1.0.200.202406191623/tools/bin/../lib/gcc/arm-none-eabi/12.3.1/../../../../arm-none-eabi/lib/thumb/v7e-m+fp/hard\libc_nano.a(libc_a-closer.o)
                              D:/STM32CubeIDE_1.16.1/STM32CubeIDE/plugins/com.st.stm32cube.ide.mcu.externaltools.gnu-tools-for-stm32.12.3.rel1.win32_1.0.200.202406191623/tools/bin/../lib/gcc/arm-none-eabi/12.3.1/../../../../arm-none-eabi/lib/thumb/v7e-m+fp/hard\libc_nano.a(libc_a-stdio.o) (_close_r)
D:/STM32CubeIDE_1.16.1/STM32CubeIDE/plugins/com.st.stm32cube.ide.mcu.externaltools.gnu-tools-for-stm32.12.3.rel1.win32_1.0.200.202406191623/tools/bin/../lib/gcc/arm-none-eabi/12.3.1/../../../../arm-none-eabi/lib/thumb/v7e-m+fp/hard\libc_nano.a(libc_a-reent.o)
                              D:/STM32CubeIDE_1.16.1/STM32CubeIDE/plugins/com.st.stm32cube.ide.mcu.externaltools.gnu-tools-for-stm32.12.3.rel1.win32_1.0.200.202406191623/tools/bin/../lib/gcc/arm-none-eabi/12.3.1/../../../../arm-none-eabi/lib/thumb/v7e-m+fp/hard\libc_nano.a(libc_a-closer.o) (errno)
D:/STM32CubeIDE_1.16.1/STM32CubeIDE/plugins/com.st.stm32cube.ide.mcu.externaltools.gnu-tools-for-stm32.12.3.rel1.win32_1.0.200.202406191623/tools/bin/../lib/gcc/arm-none-eabi/12.3.1/../../../../arm-none-eabi/lib/thumb/v7e-m+fp/hard\libc_nano.a(libc_a-impure.o)
                              D:/STM32CubeIDE_1.16.1/STM32CubeIDE/plugins/com.st.stm32cube.ide.mcu.externaltools.gnu-tools-for-stm32.12.3.rel1.win32_1.0.200.202406191623/tools/bin/../lib/gcc/arm-none-eabi/12.3.1/../../../../arm-none-eabi/lib/thumb/v7e-m+fp/hard\libc_nano.a(libc_a-reent.o) (_impure_ptr)
D:/STM32CubeIDE_1.16.1/STM32CubeIDE/plugins/com.st.stm32cube.ide.mcu.externaltools.gnu-tools-for-stm32.12.3.rel1.win32_1.0.200.202406191623/tools/bin/../lib/gcc/arm-none-eabi/12.3.1/../../../../arm-none-eabi/lib/thumb/v7e-m+fp/hard\libc_nano.a(libc_a-lseekr.o)
[...]
Memory Configuration

Name             Origin             Length             Attributes
CCMRAM           0x10000000         0x00010000         xrw
RAM              0x20000000         0x00020000         xrw
FLASH            0x08000000         0x00100000         xr
*default*        0x00000000         0xffffffff

Linker script and memory map

LOAD D:/STM32CubeIDE_1.16.1/STM32CubeIDE/plugins/com.st.stm32cube.ide.mcu.externaltools.gnu-tools-for-stm32.12.3.rel1.win32_1.0.200.202406191623/tools/bin/../lib/gcc/arm-none-eabi/12.3.1/thumb/v7e-m+fp/hard/crti.o
LOAD D:/STM32CubeIDE_1.16.1/STM32CubeIDE/plugins/com.st.stm32cube.ide.mcu.externaltools.gnu-tools-for-stm32.12.3.rel1.win32_1.0.200.202406191623/tools/bin/../lib/gcc/arm-none-eabi/12.3.1/thumb/v7e-m+fp/hard/crtbegin.o
LOAD D:/STM32CubeIDE_1.16.1/STM32CubeIDE/plugins/com.st.stm32cube.ide.mcu.externaltools.gnu-tools-for-stm32.12.3.rel1.win32_1.0.200.202406191623/tools/bin/../lib/gcc/arm-none-eabi/12.3.1/../../../../arm-none-eabi/lib/thumb/v7e-m+fp/hard/crt0.o
LOAD ./Core/Src/button.o
LOAD ./Core/Src/fsm.o
LOAD ./Core/Src/fsmc.o
LOAD ./Core/Src/gpio.o
LOAD ./Core/Src/lcd.o
LOAD ./Core/Src/led.o
LOAD ./Core/Src/led_7seg.o
LOAD ./Core/Src/main.o
LOAD ./Core/Src/picture.o
LOAD ./Core/Src/software_timer.o
LOAD ./Core/Src/spi.o
LOAD ./Core/Src/stm32f4xx_hal_msp.o
LOAD ./Core/Src/stm32f4xx_it.o
LOAD ./Core/Src/syscalls.o
LOAD ./Core/Src/sysmem.o
LOAD ./Core/Src/system_stm32f4xx.o
LOAD ./Core/Src/tim.o
LOAD ./Core/Startup/startup_stm32f407zetx.o
LOAD ./Drivers/STM32F4xx_HAL_Driver/Src/stm32f4xx_hal.o
LOAD ./Drivers/STM32F4xx_HAL_Driver/Src/stm32f4xx_hal_cortex.o
LOAD ./Drivers/STM32F4xx_HAL_Driver/Src/stm32f4xx_hal_dma.o
LOAD ./Drivers/STM32F4xx_HAL_Driver/Src/stm32f4xx_hal_dma_ex.o
LOAD ./Drivers/STM32F4xx_HAL_Driver/Src/stm32f4xx_hal_exti.o
LOAD ./Drivers/STM32F4xx_HAL_Driver/Src/stm32f4xx_hal_flash.o
LOAD ./Drivers/STM32F4xx_HAL_Driver/Src/stm32f4xx_hal_flash_ex.o
LOAD ./Drivers/STM32F4xx_HAL_Driver/Src/stm32f4xx_hal_flash_ramfunc.o
LOAD ./Drivers/STM32F4xx_HAL_Driver/Src/stm32f4xx_hal_gpio.o
LOAD ./Drivers/STM32F4xx_HAL_Driver/Src/stm32f4xx_hal_pwr.o
LOAD ./Drivers/STM32F4xx_HAL_Driver/Src/stm32f4xx_hal_pwr_ex.o
LOAD ./Drivers/STM32F4xx_HAL_Driver/Src/stm32f4xx_hal_rcc.o
LOAD ./Drivers/STM32F4xx_HAL_Driver/Src/stm32f4xx_hal_rcc_ex.o
LOAD ./Drivers/STM32F4xx_HAL_Driver/Src/stm32f4xx_hal_spi.o
LOAD ./Drivers/STM32F4xx_HAL_Driver/Src/stm32f4xx_hal_sram.o
LOAD ./Drivers/STM32F4xx_HAL_Driver/Src/stm32f4xx_hal_tim.o
LOAD ./Drivers/STM32F4xx_HAL_Driver/Src/stm32f4xx_hal_tim_ex.o
LOAD ./Drivers/STM32F4xx_HAL_Driver/Src/stm32f4xx_ll_fsmc.o
START GROUP
LOAD D:/STM32CubeIDE_1.16.1/STM32CubeIDE/plugins/com.st.stm32cube.ide.mcu.externaltools.gnu-tools-for-stm32.12.3.rel1.win32_1.0.200.202406191623/tools/bin/../lib/gcc/arm-none-eabi/12.3.1/../../../../arm-none-eabi/lib/thumb/v7e-m+fp/hard\libc_nano.a
LOAD D:/STM32CubeIDE_1.16.1/STM32CubeIDE/plugins/com.st.stm32cube.ide.mcu.externaltools.gnu-tools-for-stm32.12.3.rel1.win32_1.0.200.202406191623/tools/bin/../lib/gcc/arm-none-eabi/12.3.1/../../../../arm-none-eabi/lib/thumb/v7e-m+fp/hard\libm.a
END GROUP
START GROUP
LOAD D:/STM32CubeIDE_1.16.1/STM32CubeIDE/plugins/com.st.stm32cube.ide.mcu.externaltools.gnu-tools-for-stm32.12.3.rel1.win32_1.0.200.202406191623/tools/bin/../lib/gcc/arm-none-eabi/12.3.1/thumb/v7e-m+fp/hard\libgcc.a
LOAD D:/STM32CubeIDE_1.16.1/STM32CubeIDE/plugins/com.st.stm32cube.ide.mcu.externaltools.gnu-tools-for-stm32.12.3.rel1.win32_1.0.200.202406191623/tools/bin/../lib/gcc/arm-none-eabi/12.3.1/../../../../arm-none-eabi/lib/thumb/v7e-m+fp/hard\libc_nano.a
END GROUP
START GROUP
LOAD D:/STM32CubeIDE_1.16.1/STM32CubeIDE/plugins/com.st.stm32cube.ide.mcu.externaltools.gnu-tools-for-stm32.12.3.rel1.win32_1.0.200.202406191623/tools/bin/../lib/gcc/arm-none-eabi/12.3.1/thumb/v7e-m+fp/hard\libgcc.a
LOAD D:/STM32CubeIDE_1.16.1/STM32CubeIDE/plugins/com.st.stm32cube.ide.mcu.externaltools.gnu-tools-for-stm32.12.3.rel1.win32_1.0.200.202406191623/tools/bin/../lib/gcc/arm-none-eabi/12.3.1/../../../../arm-none-eabi/lib/thumb/v7e-m+fp/hard\libc_nano.a
LOAD D:/STM32CubeIDE_1.16.1/STM32CubeIDE/plugins/com.st.stm32cube.ide.mcu.externaltools.gnu-tools-for-stm32.12.3.rel1.win32_1.0.200.202406191623/tools/bin/../lib/gcc/arm-none-eabi/12.3.1/../../../../arm-none-eabi/lib/thumb/v7e-m+fp/hard\libnosys.a
END GROUP
START GROUP
LOAD D:/STM32CubeIDE_1.16.1/STM32CubeIDE/plugins/com.st.stm32cube.ide.mcu.externaltools.gnu-tools-for-stm32.12.3.rel1.win32_1.0.200.202406191623/tools/bin/../lib/gcc/arm-none-eabi/12.3.1/thumb/v7e-m+fp/hard\libgcc.a
LOAD D:/STM32CubeIDE_1.16.1/STM32CubeIDE/plugins/com.st.stm32cube.ide.mcu.externaltools.gnu-tools-for-stm32.12.3.rel1.win32_1.0.200.202406191623/tools/bin/../lib/gcc/arm-none-eabi/12.3.1/../../../../arm-none-eabi/lib/thumb/v7e-m+fp/hard\libc_nano.a
LOAD D:/STM32CubeIDE_1.16.1/STM32CubeIDE/plugins/com.st.stm32cube.ide.mcu.externaltools.gnu-tools-for-stm32.12.3.rel1.win32_1.0.200.202406191623/tools/bin/../lib/gcc/arm-none-eabi/12.3.1/../../../../arm-none-eabi/lib/thumb/v7e-m+fp/hard\libnosys.a
END GROUP
LOAD D:/STM32CubeIDE_1.16.1/STM32CubeIDE/plugins/com.st.stm32cube.ide.mcu.externaltools.gnu-tools-for-stm32.12.3.rel1.win32_1.0.200.202406191623/tools/bin/../lib/gcc/arm-none-eabi/12.3.1/thumb/v7e-m+fp/hard/crtend.o
LOAD D:/STM32CubeIDE_1.16.1/STM32CubeIDE/plugins/com.st.stm32cube.ide.mcu.externaltools.gnu-tools-for-stm32.12.3.rel1.win32_1.0.200.202406191623/tools/bin/../lib/gcc/arm-none-eabi/12.3.1/thumb/v7e-m+fp/hard/crtn.o
                0x20020000                        _estack = (ORIGIN (RAM) + LENGTH (RAM))
                0x00000200                        _Min_Heap_Size = 0x200
                0x00000400                        _Min_Stack_Size = 0x400

.isr_vector     0x08000000      0x188
                0x08000000                        . = ALIGN (0x4)
 *(.isr_vector)
 .isr_vector    0x08000000      0x188 ./Core/Startup/startup_stm32f407zetx.o
                0x08000000                g_pfnVectors
                0x08000188                        . = ALIGN (0x4)

.text           0x08000188     0x5804
                0x08000188                        . = ALIGN (0x4)
 *(.text)
 .text          0x08000188       0x40 D:/STM32CubeIDE_1.16.1/STM32CubeIDE/plugins/com.st.stm32cube.ide.mcu.externaltools.gnu-tools-for-stm32.12.3.rel1.win32_1.0.200.202406191623/tools/bin/../lib/gcc/arm-none-eabi/12.3.1/thumb/v7e-m+fp/hard/crtbegin.o
 .text          0x080001c8      0x378 D:/STM32CubeIDE_1.16.1/STM32CubeIDE/plugins/com.st.stm32cube.ide.mcu.externaltools.gnu-tools-for-stm32.12.3.rel1.win32_1.0.200.202406191623/tools/bin/../lib/gcc/arm-none-eabi/12.3.1/thumb/v7e-m+fp/hard\libgcc.a(_arm_addsubdf3.o)
                0x080001c8                __aeabi_drsub
                0x080001d0                __aeabi_dsub
                0x080001d0                __subdf3
                0x080001d4                __aeabi_dadd
                0x080001d4                __adddf3
                0x0800044c                __floatunsidf
                0x0800044c                __aeabi_ui2d
                0x0800046c                __floatsidf
                0x0800046c                __aeabi_i2d
                0x08000490                __aeabi_f2d
                0x08000490                __extendsfdf2
                0x080004d4                __floatundidf
                0x080004d4                __aeabi_ul2d
                0x080004e4                __floatdidf
                0x080004e4                __aeabi_l2d
 .text          0x08000540      0x424 D:/STM32CubeIDE_1.16.1/STM32CubeIDE/plugins/com.st.stm32cube.ide.mcu.externaltools.gnu-tools-for-stm32.12.3.rel1.win32_1.0.200.202406191623/tools/bin/../lib/gcc/arm-none-eabi/12.3.1/thumb/v7e-m+fp/hard\libgcc.a(_arm_muldivdf3.o)
                0x08000540                __aeabi_dmul
                0x08000540                __muldf3
                0x08000794                __divdf3
                0x08000794                __aeabi_ddiv
 .text          0x08000964       0x40 D:/STM32CubeIDE_1.16.1/STM32CubeIDE/plugins/com.st.stm32cube.ide.mcu.externaltools.gnu-tools-for-stm32.12.3.rel1.win32_1.0.200.202406191623/tools/bin/../lib/gcc/arm-none-eabi/12.3.1/thumb/v7e-m+fp/hard\libgcc.a(_arm_fixunsdfsi.o)
                0x08000964                __aeabi_d2uiz
                0x08000964                __fixunsdfsi
 .text          0x080009a4       0x30 D:/STM32CubeIDE_1.16.1/STM32CubeIDE/plugins/com.st.stm32cube.ide.mcu.externaltools.gnu-tools-for-stm32.12.3.rel1.win32_1.0.200.202406191623/tools/bin/../lib/gcc/arm-none-eabi/12.3.1/thumb/v7e-m+fp/hard\libgcc.a(_aeabi_uldivmod.o)
                0x080009a4                __aeabi_uldivmod
 .text          0x080009d4      0x2bc D:/STM32CubeIDE_1.16.1/STM32CubeIDE/plugins/com.st.stm32cube.ide.mcu.externaltools.gnu-tools-for-stm32.12.3.rel1.win32_1.0.200.202406191623/tools/bin/../lib/gcc/arm-none-eabi/12.3.1/thumb/v7e-m+fp/hard\libgcc.a(_udivmoddi4.o)
                0x080009d4                __udivmoddi4
 .text          0x08000c90        0x4 D:/STM32CubeIDE_1.16.1/STM32CubeIDE/plugins/com.st.stm32cube.ide.mcu.externaltools.gnu-tools-for-stm32.12.3.rel1.win32_1.0.200.202406191623/tools/bin/../lib/gcc/arm-none-eabi/12.3.1/thumb/v7e-m+fp/hard\libgcc.a(_dvmd_tls.o)
                0x08000c90                __aeabi_idiv0
                0x08000c90                __aeabi_ldiv0
 *(.text*)
 .text.button_init
                0x08000c94       0x18 ./Core/Src/button.o
                0x08000c94                button_init
 .text.button_Scan
                0x08000cac       0xd8 ./Core/Src/button.o
                0x08000cac                button_Scan
 .text.is_button_pressed
                0x08000d84       0x38 ./Core/Src/button.o
                0x08000d84                is_button_pressed
 .text.is_button_long_pressed
                0x08000dbc       0x40 ./Core/Src/button.o
                0x08000dbc                is_button_long_pressed
 .text.fsm_led  0x08000dfc       0xe4 ./Core/Src/fsm.o
                0x08000dfc                fsm_led
 .text.increase_value
                0x08000ee0       0x84 ./Core/Src/fsm.o
                0x08000ee0                increase_value
 .text.button0_fsm
                0x08000f64       0xb4 ./Core/Src/fsm.o
                0x08000f64                button0_fsm
 .text.button2_fsm
                0x08001018       0x7c ./Core/Src/fsm.o
                0x08001018                button2_fsm
 .text.button1_fsm
                0x08001094       0xd8 ./Core/Src/fsm.o
                0x08001094                button1_fsm
 .text.traffic_light_fsm
                0x0800116c      0x134 ./Core/Src/fsm.o
                0x0800116c                traffic_light_fsm
 .text.traffic_run
                0x080012a0      0x2ec ./Core/Src/fsm.o
                0x080012a0                traffic_run
 .text.MX_FSMC_Init
                0x0800158c       0xf4 ./Core/Src/fsmc.o
                0x0800158c                MX_FSMC_Init
 .text.HAL_FSMC_MspInit
                0x08001680       0x98 ./Core/Src/fsmc.o
 .text.HAL_SRAM_MspInit
                0x08001718       0x14 ./Core/Src/fsmc.o
                0x08001718                HAL_SRAM_MspInit
 .text.MX_GPIO_Init
                0x0800172c      0x1f0 ./Core/Src/gpio.o
                0x0800172c                MX_GPIO_Init
 .text.LCD_WR_REG
                0x0800191c       0x20 ./Core/Src/lcd.o
                0x0800191c                LCD_WR_REG
 .text.LCD_WR_DATA
                0x0800193c       0x20 ./Core/Src/lcd.o
 .text.LCD_RD_DATA
                0x0800195c       0x24 ./Core/Src/lcd.o
 .text.lcd_AddressSet
                0x08001980       0x98 ./Core/Src/lcd.o
                0x08001980                lcd_AddressSet
 .text.lcd_Clear
                0x08001a18       0x64 ./Core/Src/lcd.o
                0x08001a18                lcd_Clear
 .text.lcd_Fill
                0x08001a7c       0x6c ./Core/Src/lcd.o
                0x08001a7c                lcd_Fill
 .text.lcd_DrawPoint
                0x08001ae8       0x2e ./Core/Src/lcd.o
                0x08001ae8                lcd_DrawPoint
 .text.lcd_DrawLine
                0x08001b16      0x108 ./Core/Src/lcd.o
                0x08001b16                lcd_DrawLine
 .text.lcd_DrawRectangle
                0x08001c1e       0x6e ./Core/Src/lcd.o
                0x08001c1e                lcd_DrawRectangle
 .text.lcd_ShowChar
                0x08001c8c      0x1a0 ./Core/Src/lcd.o
                0x08001c8c                lcd_ShowChar
 .text.mypow    0x08001e2c       0x38 ./Core/Src/lcd.o
                0x08001e2c                mypow
 .text.lcd_ShowIntNum
                0x08001e64       0xfc ./Core/Src/lcd.o
                0x08001e64                lcd_ShowIntNum
 .text.lcd_ShowPicture
                0x08001f60       0xac ./Core/Src/lcd.o
                0x08001f60                lcd_ShowPicture
 .text.lcd_SetDir
                0x0800200c       0x48 ./Core/Src/lcd.o
                0x0800200c                lcd_SetDir
 .text.lcd_init
                0x08002054      0x2c0 ./Core/Src/lcd.o
                0x08002054                lcd_init
 .text._draw_circle_8
                0x08002314      0x116 ./Core/Src/lcd.o
 .text.lcd_DrawCircle
                0x0800242a       0xd8 ./Core/Src/lcd.o
                0x0800242a                lcd_DrawCircle
 *fill*         0x08002502        0x2 
 .text.lcd_ShowStr
                0x08002504       0xc8 ./Core/Src/lcd.o
                0x08002504                lcd_ShowStr
 .text.box_rec  0x080025cc      0x1e8 ./Core/Src/led.o
                0x080025cc                box_rec
 .text.init_traffic_light
                0x080027b4      0x50c ./Core/Src/led.o
                0x080027b4                init_traffic_light
 .text.control_traffic_light
                0x08002cc0      0x188 ./Core/Src/led.o
                0x08002cc0                control_traffic_light
 .text.update_led_buf
                0x08002e48       0x7c ./Core/Src/led.o
                0x08002e48                update_led_buf
 .text.LCD_DisplayNum
                0x08002ec4       0x98 ./Core/Src/led.o
                0x08002ec4                LCD_DisplayNum
 .text.init     0x08002f5c       0x38 ./Core/Src/main.o
                0x08002f5c                init
 .text.main     0x08002f94       0xd0 ./Core/Src/main.o
                0x08002f94                main
 .text.SystemClock_Config
                0x08003064       0xd4 ./Core/Src/main.o
                0x08003064                SystemClock_Config
 .text.Error_Handler
                0x08003138        0xc ./Core/Src/main.o
                0x08003138                Error_Handler
 .text.HAL_TIM_PeriodElapsedCallback
                0x08003144       0x14 ./Core/Src/software_timer.o
                0x08003144                HAL_TIM_PeriodElapsedCallback
 .text.set_timer
                0x08003158       0x58 ./Core/Src/software_timer.o
                0x08003158                set_timer
 .text.run_timer
                0x080031b0       0x64 ./Core/Src/software_timer.o
                0x080031b0                run_timer
 .text.is_timer_on
                0x08003214       0x20 ./Core/Src/software_timer.o
                0x08003214                is_timer_on
 .text.MX_SPI1_Init
                0x08003234       0x6c ./Core/Src/spi.o
                0x08003234                MX_SPI1_Init
 .text.HAL_SPI_MspInit
                0x080032a0       0x90 ./Core/Src/spi.o
                0x080032a0                HAL_SPI_MspInit
 .text.HAL_MspInit
                0x08003330       0x50 ./Core/Src/stm32f4xx_hal_msp.o
                0x08003330                HAL_MspInit
 .text.NMI_Handler
                0x08003380        0x8 ./Core/Src/stm32f4xx_it.o
                0x08003380                NMI_Handler
 .text.HardFault_Handler
                0x08003388        0x8 ./Core/Src/stm32f4xx_it.o
                0x08003388                HardFault_Handler
 .text.MemManage_Handler
                0x08003390        0x8 ./Core/Src/stm32f4xx_it.o
                0x08003390                MemManage_Handler
 .text.BusFault_Handler
                0x08003398        0x8 ./Core/Src/stm32f4xx_it.o
                0x08003398                BusFault_Handler
 .text.UsageFault_Handler
                0x080033a0        0x8 ./Core/Src/stm32f4xx_it.o
                0x080033a0                UsageFault_Handler
 .text.SVC_Handler
                0x080033a8        0xe ./Core/Src/stm32f4xx_it.o
                0x080033a8                SVC_Handler
 .text.DebugMon_Handler
                0x080033b6        0xe ./Core/Src/stm32f4xx_it.o
                0x080033b6                DebugMon_Handler
 .text.PendSV_Handler
                0x080033c4        0xe ./Core/Src/stm32f4xx_it.o
                0x080033c4                PendSV_Handler
 .text.SysTick_Handler
                0x080033d2        0xc ./Core/Src/stm32f4xx_it.o
                0x080033d2                SysTick_Handler
 *fill*         0x080033de        0x2 
 .text.TIM2_IRQHandler
                0x080033e0       0x14 ./Core/Src/stm32f4xx_it.o
                0x080033e0                TIM2_IRQHandler
 .text.SystemInit
                0x080033f4       0x24 ./Core/Src/system_stm32f4xx.o
                0x080033f4                SystemInit
 .text.MX_TIM2_Init
                0x08003418       0x98 ./Core/Src/tim.o
                0x08003418                MX_TIM2_Init
 .text.HAL_TIM_Base_MspInit
                0x080034b0       0x4c ./Core/Src/tim.o
                0x080034b0                HAL_TIM_Base_MspInit
 .text.Reset_Handler
                0x080034fc       0x50 ./Core/Startup/startup_stm32f407zetx.o
                0x080034fc                Reset_Handler
 .text.Default_Handler
                0x0800354c        0x2 ./Core/Startup/startup_stm32f407zetx.o
                0x0800354c                RTC_Alarm_IRQHandler
                0x0800354c                HASH_RNG_IRQHandler
                0x0800354c                EXTI2_IRQHandler
                0x0800354c                TIM8_CC_IRQHandler
                0x0800354c                TIM1_CC_IRQHandler
                0x0800354c                DMA2_Stream5_IRQHandler
                0x0800354c                DMA1_Stream5_IRQHandler
                0x0800354c                PVD_IRQHandler
                0x0800354c                SDIO_IRQHandler
                0x0800354c                TAMP_STAMP_IRQHandler
                0x0800354c                CAN2_RX1_IRQHandler
                0x0800354c                EXTI3_IRQHandler
                0x0800354c                TIM8_TRG_COM_TIM14_IRQHandler
                0x0800354c                TIM1_UP_TIM10_IRQHandler
                0x0800354c                TIM8_UP_TIM13_IRQHandler
                0x0800354c                I2C3_ER_IRQHandler
                0x0800354c                EXTI0_IRQHandler
                0x0800354c                I2C2_EV_IRQHandler
                0x0800354c                DMA1_Stream2_IRQHandler
                0x0800354c                CAN1_RX0_IRQHandler
                0x0800354c                FPU_IRQHandler
                0x0800354c                OTG_HS_WKUP_IRQHandler
                0x0800354c                CAN2_SCE_IRQHandler
                0x0800354c                DMA2_Stream2_IRQHandler
                0x0800354c                SPI1_IRQHandler
                0x0800354c                TIM6_DAC_IRQHandler
                0x0800354c                TIM1_BRK_TIM9_IRQHandler
                0x0800354c                DCMI_IRQHandler
                0x0800354c                CAN2_RX0_IRQHandler
                0x0800354c                DMA2_Stream3_IRQHandler
                0x0800354c                USART6_IRQHandler
                0x0800354c                USART3_IRQHandler
                0x0800354c                CAN1_RX1_IRQHandler
                0x0800354c                UART5_IRQHandler
                0x0800354c                DMA2_Stream0_IRQHandler
                0x0800354c                TIM4_IRQHandler
                0x0800354c                I2C1_EV_IRQHandler
                0x0800354c                DMA1_Stream6_IRQHandler
                0x0800354c                DMA1_Stream1_IRQHandler
                0x0800354c                UART4_IRQHandler
                0x0800354c                TIM3_IRQHandler
                0x0800354c                RCC_IRQHandler
                0x0800354c                TIM8_BRK_TIM12_IRQHandler
                0x0800354c                Default_Handler
                0x0800354c                EXTI15_10_IRQHandler
                0x0800354c                ADC_IRQHandler
                0x0800354c                DMA1_Stream7_IRQHandler
                0x0800354c                TIM7_IRQHandler
                0x0800354c                CAN2_TX_IRQHandler
                0x0800354c                TIM5_IRQHandler
                0x0800354c                DMA2_Stream7_IRQHandler
                0x0800354c                I2C3_EV_IRQHandler
                0x0800354c                EXTI9_5_IRQHandler
                0x0800354c                RTC_WKUP_IRQHandler
                0x0800354c                ETH_WKUP_IRQHandler
                0x0800354c                SPI2_IRQHandler
                0x0800354c                OTG_HS_EP1_IN_IRQHandler
                0x0800354c                DMA1_Stream0_IRQHandler
                0x0800354c                CAN1_TX_IRQHandler
                0x0800354c                EXTI4_IRQHandler
                0x0800354c                FSMC_IRQHandler
                0x0800354c                ETH_IRQHandler
                0x0800354c                OTG_HS_EP1_OUT_IRQHandler
                0x0800354c                WWDG_IRQHandler
                0x0800354c                OTG_FS_WKUP_IRQHandler
                0x0800354c                TIM1_TRG_COM_TIM11_IRQHandler
                0x0800354c                OTG_HS_IRQHandler
                0x0800354c                EXTI1_IRQHandler
                0x0800354c                USART2_IRQHandler
                0x0800354c                I2C2_ER_IRQHandler
                0x0800354c                DMA2_Stream1_IRQHandler
                0x0800354c                CAN1_SCE_IRQHandler
                0x0800354c                FLASH_IRQHandler
                0x0800354c                DMA2_Stream4_IRQHandler
                0x0800354c                USART1_IRQHandler
                0x0800354c                OTG_FS_IRQHandler
                0x0800354c                SPI3_IRQHandler
                0x0800354c                DMA1_Stream4_IRQHandler
                0x0800354c                I2C1_ER_IRQHandler
                0x0800354c                DMA2_Stream6_IRQHandler
                0x0800354c                DMA1_Stream3_IRQHandler
 *fill*         0x0800354e        0x2 
 .text.HAL_Init
                0x08003550       0x44 ./Drivers/STM32F4xx_HAL_Driver/Src/stm32f4xx_hal.o
                0x08003550                HAL_Init
 .text.HAL_InitTick
                0x08003594       0x60 ./Drivers/STM32F4xx_HAL_Driver/Src/stm32f4xx_hal.o
                0x08003594                HAL_InitTick
 .text.HAL_IncTick
                0x080035f4       0x28 ./Drivers/STM32F4xx_HAL_Driver/Src/stm32f4xx_hal.o
                0x080035f4                HAL_IncTick
 .text.HAL_GetTick
                0x0800361c       0x18 ./Drivers/STM32F4xx_HAL_Driver/Src/stm32f4xx_hal.o
                0x0800361c                HAL_GetTick
 .text.HAL_Delay
                0x08003634       0x48 ./Drivers/STM32F4xx_HAL_Driver/Src/stm32f4xx_hal.o
                0x08003634                HAL_Delay
 .text.__NVIC_SetPriorityGrouping
                0x0800367c       0x48 ./Drivers/STM32F4xx_HAL_Driver/Src/stm32f4xx_hal_cortex.o
 .text.__NVIC_GetPriorityGrouping
                0x080036c4       0x1c ./Drivers/STM32F4xx_HAL_Driver/Src/stm32f4xx_hal_cortex.o
 .text.__NVIC_EnableIRQ
                0x080036e0       0x3c ./Drivers/STM32F4xx_HAL_Driver/Src/stm32f4xx_hal_cortex.o
 .text.__NVIC_SetPriority
                0x0800371c       0x54 ./Drivers/STM32F4xx_HAL_Driver/Src/stm32f4xx_hal_cortex.o
 .text.NVIC_EncodePriority
                0x08003770       0x66 ./Drivers/STM32F4xx_HAL_Driver/Src/stm32f4xx_hal_cortex.o
 *fill*         0x080037d6        0x2 
 .text.SysTick_Config
                0x080037d8       0x44 ./Drivers/STM32F4xx_HAL_Driver/Src/stm32f4xx_hal_cortex.o
 .text.HAL_NVIC_SetPriorityGrouping
                0x0800381c       0x16 ./Drivers/STM32F4xx_HAL_Driver/Src/stm32f4xx_hal_cortex.o
                0x0800381c                HAL_NVIC_SetPriorityGrouping
 .text.HAL_NVIC_SetPriority
                0x08003832       0x38 ./Drivers/STM32F4xx_HAL_Driver/Src/stm32f4xx_hal_cortex.o
                0x08003832                HAL_NVIC_SetPriority
 .text.HAL_NVIC_EnableIRQ
                0x0800386a       0x1c ./Drivers/STM32F4xx_HAL_Driver/Src/stm32f4xx_hal_cortex.o
                0x0800386a                HAL_NVIC_EnableIRQ
 .text.HAL_SYSTICK_Config
                0x08003886       0x18 ./Drivers/STM32F4xx_HAL_Driver/Src/stm32f4xx_hal_cortex.o
                0x08003886                HAL_SYSTICK_Config
 *fill*         0x0800389e        0x2 
 .text.HAL_GPIO_Init
                0x080038a0      0x338 ./Drivers/STM32F4xx_HAL_Driver/Src/stm32f4xx_hal_gpio.o
                0x080038a0                HAL_GPIO_Init
 .text.HAL_GPIO_WritePin
                0x08003bd8       0x32 ./Drivers/STM32F4xx_HAL_Driver/Src/stm32f4xx_hal_gpio.o
                0x08003bd8                HAL_GPIO_WritePin
 *fill*         0x08003c0a        0x2 
 .text.HAL_RCC_OscConfig
                0x08003c0c      0x4f0 ./Drivers/STM32F4xx_HAL_Driver/Src/stm32f4xx_hal_rcc.o
                0x08003c0c                HAL_RCC_OscConfig
 .text.HAL_RCC_ClockConfig
                0x080040fc      0x1cc ./Drivers/STM32F4xx_HAL_Driver/Src/stm32f4xx_hal_rcc.o
                0x080040fc                HAL_RCC_ClockConfig
 .text.HAL_RCC_GetSysClockFreq
                0x080042c8      0x20c ./Drivers/STM32F4xx_HAL_Driver/Src/stm32f4xx_hal_rcc.o
                0x080042c8                HAL_RCC_GetSysClockFreq
 .text.HAL_SPI_Init
                0x080044d4      0x112 ./Drivers/STM32F4xx_HAL_Driver/Src/stm32f4xx_hal_spi.o
                0x080044d4                HAL_SPI_Init
 .text.HAL_SPI_Receive
                0x080045e6      0x232 ./Drivers/STM32F4xx_HAL_Driver/Src/stm32f4xx_hal_spi.o
                0x080045e6                HAL_SPI_Receive
 .text.HAL_SPI_TransmitReceive
                0x08004818      0x352 ./Drivers/STM32F4xx_HAL_Driver/Src/stm32f4xx_hal_spi.o
                0x08004818                HAL_SPI_TransmitReceive
 *fill*         0x08004b6a        0x2 
 .text.SPI_WaitFlagStateUntilTimeout
                0x08004b6c      0x110 ./Drivers/STM32F4xx_HAL_Driver/Src/stm32f4xx_hal_spi.o
 .text.SPI_EndRxTransaction
                0x08004c7c       0xca ./Drivers/STM32F4xx_HAL_Driver/Src/stm32f4xx_hal_spi.o
 *fill*         0x08004d46        0x2 
 .text.SPI_EndRxTxTransaction
                0x08004d48       0xa8 ./Drivers/STM32F4xx_HAL_Driver/Src/stm32f4xx_hal_spi.o
 .text.HAL_SRAM_Init
                0x08004df0       0x90 ./Drivers/STM32F4xx_HAL_Driver/Src/stm32f4xx_hal_sram.o
                0x08004df0                HAL_SRAM_Init
 .text.HAL_TIM_Base_Init
                0x08004e80       0x9e ./Drivers/STM32F4xx_HAL_Driver/Src/stm32f4xx_hal_tim.o
                0x08004e80                HAL_TIM_Base_Init
 *fill*         0x08004f1e        0x2 
 .text.HAL_TIM_Base_Start_IT
                0x08004f20       0xe0 ./Drivers/STM32F4xx_HAL_Driver/Src/stm32f4xx_hal_tim.o
                0x08004f20                HAL_TIM_Base_Start_IT
 .text.HAL_TIM_IRQHandler
                0x08005000      0x1e0 ./Drivers/STM32F4xx_HAL_Driver/Src/stm32f4xx_hal_tim.o
                0x08005000                HAL_TIM_IRQHandler
 .text.HAL_TIM_ConfigClockSource
                0x080051e0      0x18e ./Drivers/STM32F4xx_HAL_Driver/Src/stm32f4xx_hal_tim.o
                0x080051e0                HAL_TIM_ConfigClockSource
 .text.HAL_TIM_OC_DelayElapsedCallback
                0x0800536e       0x14 ./Drivers/STM32F4xx_HAL_Driver/Src/stm32f4xx_hal_tim.o
                0x0800536e                HAL_TIM_OC_DelayElapsedCallback
 .text.HAL_TIM_IC_CaptureCallback
                0x08005382       0x14 ./Drivers/STM32F4xx_HAL_Driver/Src/stm32f4xx_hal_tim.o
                0x08005382                HAL_TIM_IC_CaptureCallback
 .text.HAL_TIM_PWM_PulseFinishedCallback
                0x08005396       0x14 ./Drivers/STM32F4xx_HAL_Driver/Src/stm32f4xx_hal_tim.o
                0x08005396                HAL_TIM_PWM_PulseFinishedCallback
 .text.HAL_TIM_TriggerCallback
                0x080053aa       0x14 ./Drivers/STM32F4xx_HAL_Driver/Src/stm32f4xx_hal_tim.o
                0x080053aa                HAL_TIM_TriggerCallback
 *fill*         0x080053be        0x2 
 .text.TIM_Base_SetConfig
                0x080053c0      0x158 ./Drivers/STM32F4xx_HAL_Driver/Src/stm32f4xx_hal_tim.o
                0x080053c0                TIM_Base_SetConfig
 .text.TIM_TI1_ConfigInputStage
                0x08005518       0x5e ./Drivers/STM32F4xx_HAL_Driver/Src/stm32f4xx_hal_tim.o
 .text.TIM_TI2_ConfigInputStage
                0x08005576       0x60 ./Drivers/STM32F4xx_HAL_Driver/Src/stm32f4xx_hal_tim.o
 .text.TIM_ITRx_SetConfig
                0x080055d6       0x36 ./Drivers/STM32F4xx_HAL_Driver/Src/stm32f4xx_hal_tim.o
 .text.TIM_ETR_SetConfig
                0x0800560c       0x40 ./Drivers/STM32F4xx_HAL_Driver/Src/stm32f4xx_hal_tim.o
                0x0800560c                TIM_ETR_SetConfig
 .text.HAL_TIMEx_MasterConfigSynchronization
                0x0800564c       0xf8 ./Drivers/STM32F4xx_HAL_Driver/Src/stm32f4xx_hal_tim_ex.o
                0x0800564c                HAL_TIMEx_MasterConfigSynchronization
 .text.HAL_TIMEx_CommutCallback
                0x08005744       0x14 ./Drivers/STM32F4xx_HAL_Driver/Src/stm32f4xx_hal_tim_ex.o
                0x08005744                HAL_TIMEx_CommutCallback
 .text.HAL_TIMEx_BreakCallback
                0x08005758       0x14 ./Drivers/STM32F4xx_HAL_Driver/Src/stm32f4xx_hal_tim_ex.o
                0x08005758                HAL_TIMEx_BreakCallback
 .text.FSMC_NORSRAM_Init
                0x0800576c       0xd4 ./Drivers/STM32F4xx_HAL_Driver/Src/stm32f4xx_ll_fsmc.o
                0x0800576c                FSMC_NORSRAM_Init
 .text.FSMC_NORSRAM_Timing_Init
                0x08005840       0x6a ./Drivers/STM32F4xx_HAL_Driver/Src/stm32f4xx_ll_fsmc.o
                0x08005840                FSMC_NORSRAM_Timing_Init
 *fill*         0x080058aa        0x2 
 .text.FSMC_NORSRAM_Extended_Timing_Init
                0x080058ac       0x70 ./Drivers/STM32F4xx_HAL_Driver/Src/stm32f4xx_ll_fsmc.o
                0x080058ac                FSMC_NORSRAM_Extended_Timing_Init
 .text.memset   0x0800591c       0x10 D:/STM32CubeIDE_1.16.1/STM32CubeIDE/plugins/com.st.stm32cube.ide.mcu.externaltools.gnu-tools-for-stm32.12.3.rel1.win32_1.0.200.202406191623/tools/bin/../lib/gcc/arm-none-eabi/12.3.1/../../../../arm-none-eabi/lib/thumb/v7e-m+fp/hard\libc_nano.a(libc_a-memset.o)
                0x0800591c                memset
 .text.__libc_init_array
                0x0800592c       0x48 D:/STM32CubeIDE_1.16.1/STM32CubeIDE/plugins/com.st.stm32cube.ide.mcu.externaltools.gnu-tools-for-stm32.12.3.rel1.win32_1.0.200.202406191623/tools/bin/../lib/gcc/arm-none-eabi/12.3.1/../../../../arm-none-eabi/lib/thumb/v7e-m+fp/hard\libc_nano.a(libc_a-init.o)
                0x0800592c                __libc_init_array
 *(.glue_7)
 .glue_7        0x08005974        0x0 linker stubs
 *(.glue_7t)
 .glue_7t       0x08005974        0x0 linker stubs
 *(.eh_frame)
 .eh_frame      0x08005974        0x0 D:/STM32CubeIDE_1.16.1/STM32CubeIDE/plugins/com.st.stm32cube.ide.mcu.externaltools.gnu-tools-for-stm32.12.3.rel1.win32_1.0.200.202406191623/tools/bin/../lib/gcc/arm-none-eabi/12.3.1/thumb/v7e-m+fp/hard/crtbegin.o
 *(.init)
 .init          0x08005974        0x4 D:/STM32CubeIDE_1.16.1/STM32CubeIDE/plugins/com.st.stm32cube.ide.mcu.externaltools.gnu-tools-for-stm32.12.3.rel1.win32_1.0.200.202406191623/tools/bin/../lib/gcc/arm-none-eabi/12.3.1/thumb/v7e-m+fp/hard/crti.o
                0x08005974                _init
 .init          0x08005978        0x8 D:/STM32CubeIDE_1.16.1/STM32CubeIDE/plugins/com.st.stm32cube.ide.mcu.externaltools.gnu-tools-for-stm32.12.3.rel1.win32_1.0.200.202406191623/tools/bin/../lib/gcc/arm-none-eabi/12.3.1/thumb/v7e-m+fp/hard/crtn.o
 *(.fini)
 .fini          0x08005980        0x4 D:/STM32CubeIDE_1.16.1/STM32CubeIDE/plugins/com.st.stm32cube.ide.mcu.externaltools.gnu-tools-for-stm32.12.3.rel1.win32_1.0.200.202406191623/tools/bin/../lib/gcc/arm-none-eabi/12.3.1/thumb/v7e-m+fp/hard/crti.o
                0x08005980                _fini
 .fini          0x08005984        0x8 D:/STM32CubeIDE_1.16.1/STM32CubeIDE/plugins/com.st.stm32cube.ide.mcu.externaltools.gnu-tools-for-stm32.12.3.rel1.win32_1.0.200.202406191623/tools/bin/../lib/gcc/arm-none-eabi/12.3.1/thumb/v7e-m+fp/hard/crtn.o
                0x0800598c                        . = ALIGN (0x4)
                0x0800598c                        _etext = .

.vfp11_veneer   0x0800598c        0x0
 .vfp11_veneer  0x0800598c        0x0 linker stubs

.v4_bx          0x0800598c        0x0
 .v4_bx         0x0800598c        0x0 linker stubs

.iplt           0x0800598c        0x0
 .iplt          0x0800598c        0x0 D:/STM32CubeIDE_1.16.1/STM32CubeIDE/plugins/com.st.stm32cube.ide.mcu.externaltools.gnu-tools-for-stm32.12.3.rel1.win32_1.0.200.202406191623/tools/bin/../lib/gcc/arm-none-eabi/12.3.1/thumb/v7e-m+fp/hard/crtbegin.o

.rodata         0x0800598c     0x4344
                0x0800598c                        . = ALIGN (0x4)
 *(.rodata)
 .rodata        0x0800598c       0x11 ./Core/Src/fsm.o
 *fill*         0x0800599d        0x3 
 .rodata        0x080059a0        0x6 ./Core/Src/led.o
 *fill*         0x080059a6        0x2 
 .rodata        0x080059a8        0xd ./Core/Src/main.o
 *(.rodata*)
 *fill*         0x080059b5        0x3 
 .rodata.ascii_1608
                0x080059b8      0x5f0 ./Core/Src/lcd.o
                0x080059b8                ascii_1608
 .rodata.ascii_2412
                0x08005fa8     0x11d0 ./Core/Src/lcd.o
                0x08005fa8                ascii_2412
 .rodata.ascii_3216
                0x08007178     0x17c0 ./Core/Src/lcd.o
                0x08007178                ascii_3216
 .rodata.gImage_logo_hcmut
                0x08008938     0x1388 ./Core/Src/picture.o
                0x08008938                gImage_logo_hcmut
 .rodata.AHBPrescTable
                0x08009cc0       0x10 ./Core/Src/system_stm32f4xx.o
                0x08009cc0                AHBPrescTable
                0x08009cd0                        . = ALIGN (0x4)

.ARM.extab      0x08009cd0        0x0
                0x08009cd0                        . = ALIGN (0x4)
 *(.ARM.extab* .gnu.linkonce.armextab.*)
                0x08009cd0                        . = ALIGN (0x4)

.ARM            0x08009cd0        0x8
                0x08009cd0                        . = ALIGN (0x4)
                0x08009cd0                        __exidx_start = .
 *(.ARM.exidx*)
 .ARM.exidx     0x08009cd0        0x8 D:/STM32CubeIDE_1.16.1/STM32CubeIDE/plugins/com.st.stm32cube.ide.mcu.externaltools.gnu-tools-for-stm32.12.3.rel1.win32_1.0.200.202406191623/tools/bin/../lib/gcc/arm-none-eabi/12.3.1/thumb/v7e-m+fp/hard\libgcc.a(_udivmoddi4.o)
                0x08009cd8                        __exidx_end = .
                0x08009cd8                        . = ALIGN (0x4)

.rel.dyn        0x08009cd8        0x0
 .rel.iplt      0x08009cd8        0x0 D:/STM32CubeIDE_1.16.1/STM32CubeIDE/plugins/com.st.stm32cube.ide.mcu.externaltools.gnu-tools-for-stm32.12.3.rel1.win32_1.0.200.202406191623/tools/bin/../lib/gcc/arm-none-eabi/12.3.1/thumb/v7e-m+fp/hard/crtbegin.o

.preinit_array  0x08009cd8        0x0
                0x08009cd8                        . = ALIGN (0x4)
                0x08009cd8                        PROVIDE (__preinit_array_start = .)
 *(.preinit_array*)
                0x08009cd8                        PROVIDE (__preinit_array_end = .)
                0x08009cd8                        . = ALIGN (0x4)

.init_array     0x08009cd8        0x4
                0x08009cd8                        . = ALIGN (0x4)
                0x08009cd8                        PROVIDE (__init_array_start = .)
 *(SORT_BY_NAME(.init_array.*))
 *(.init_array*)
 .init_array    0x08009cd8        0x4 D:/STM32CubeIDE_1.16.1/STM32CubeIDE/plugins/com.st.stm32cube.ide.mcu.externaltools.gnu-tools-for-stm32.12.3.rel1.win32_1.0.200.202406191623/tools/bin/../lib/gcc/arm-none-eabi/12.3.1/thumb/v7e-m+fp/hard/crtbegin.o
                0x08009cdc                        PROVIDE (__init_array_end = .)
                0x08009cdc                        . = ALIGN (0x4)

.fini_array     0x08009cdc        0x4
                0x08009cdc                        . = ALIGN (0x4)
                [!provide]                        PROVIDE (__fini_array_start = .)
 *(SORT_BY_NAME(.fini_array.*))
 *(.fini_array*)
 .fini_array    0x08009cdc        0x4 D:/STM32CubeIDE_1.16.1/STM32CubeIDE/plugins/com.st.stm32cube.ide.mcu.externaltools.gnu-tools-for-stm32.12.3.rel1.win32_1.0.200.202406191623/tools/bin/../lib/gcc/arm-none-eabi/12.3.1/thumb/v7e-m+fp/hard/crtbegin.o
                [!provide]                        PROVIDE (__fini_array_end = .)
                0x08009ce0                        . = ALIGN (0x4)
                0x08009ce0                        _sidata = LOADADDR (.data)

.data           0x20000000       0x30 load address 0x08009ce0
                0x20000000                        . = ALIGN (0x4)
                0x20000000                        _sdata = .
 *(.data)
 *(.data*)
 .data.time_value
                0x20000000        0x2 ./Core/Src/button.o
                0x20000000                time_value
 *fill*         0x20000002        0x2 
 .data.red_time
                0x20000004        0x4 ./Core/Src/fsm.o
                0x20000004                red_time
 .data.green_time
                0x20000008        0x4 ./Core/Src/fsm.o
                0x20000008                green_time
 .data.yellow_time
                0x2000000c        0x4 ./Core/Src/fsm.o
                0x2000000c                yellow_time
 .data.red_time_buffer
                0x20000010        0x4 ./Core/Src/fsm.o
                0x20000010                red_time_buffer
 .data.green_time_buffer
                0x20000014        0x4 ./Core/Src/fsm.o
                0x20000014                green_time_buffer
 .data.yellow_time_buffer
                0x20000018        0x4 ./Core/Src/fsm.o
                0x20000018                yellow_time_buffer
 .data.traffic_light_timer1
                0x2000001c        0x4 ./Core/Src/fsm.o
                0x2000001c                traffic_light_timer1
 .data.traffic_light_timer2
                0x20000020        0x4 ./Core/Src/fsm.o
                0x20000020                traffic_light_timer2
 .data.SystemCoreClock
                0x20000024        0x4 ./Core/Src/system_stm32f4xx.o
                0x20000024                SystemCoreClock
 .data.uwTickPrio
                0x20000028        0x4 ./Drivers/STM32F4xx_HAL_Driver/Src/stm32f4xx_hal.o
                0x20000028                uwTickPrio
 .data.uwTickFreq
                0x2000002c        0x1 ./Drivers/STM32F4xx_HAL_Driver/Src/stm32f4xx_hal.o
                0x2000002c                uwTickFreq
 *(.RamFunc)
 *(.RamFunc*)
                0x20000030                        . = ALIGN (0x4)
 *fill*         0x2000002d        0x3 
                0x20000030                        _edata = .
                0x08009d10                        _siccmram = LOADADDR (.ccmram)

.igot.plt       0x20000030        0x0 load address 0x08009d10
 .igot.plt      0x20000030        0x0 D:/STM32CubeIDE_1.16.1/STM32CubeIDE/plugins/com.st.stm32cube.ide.mcu.externaltools.gnu-tools-for-stm32.12.3.rel1.win32_1.0.200.202406191623/tools/bin/../lib/gcc/arm-none-eabi/12.3.1/thumb/v7e-m+fp/hard/crtbegin.o

.ccmram         0x10000000        0x0 load address 0x08009d10
                0x10000000                        . = ALIGN (0x4)
                0x10000000                        _sccmram = .
 *(.ccmram)
 *(.ccmram*)
                0x10000000                        . = ALIGN (0x4)
                0x10000000                        _eccmram = .
                0x10000000                        . = ALIGN (0x4)

.bss            0x20000030      0x228
                0x20000030                        _sbss = .
                0x20000030                        __bss_start__ = _sbss
 *(.bss)
 .bss           0x20000030       0x1c D:/STM32CubeIDE_1.16.1/STM32CubeIDE/plugins/com.st.stm32cube.ide.mcu.externaltools.gnu-tools-for-stm32.12.3.rel1.win32_1.0.200.202406191623/tools/bin/../lib/gcc/arm-none-eabi/12.3.1/thumb/v7e-m+fp/hard/crtbegin.o
 *(.bss*)
 .bss.button_count
                0x2000004c       0x20 ./Core/Src/button.o
                0x2000004c                button_count
 .bss.spi_button
                0x2000006c        0x2 ./Core/Src/button.o
                0x2000006c                spi_button
 .bss.light_st  0x2000006e        0x1 ./Core/Src/fsm.o
                0x2000006e                light_st
 .bss.light_pre_st
                0x2000006f        0x1 ./Core/Src/fsm.o
                0x2000006f                light_pre_st
 .bss.tl_st     0x20000070        0x1 ./Core/Src/fsm.o
                0x20000070                tl_st
 .bss.led_st    0x20000071        0x1 ./Core/Src/fsm.o
                0x20000071                led_st
 *fill*         0x20000072        0x2 
 .bss.button_st
                0x20000074        0x3 ./Core/Src/fsm.o
                0x20000074                button_st
 *fill*         0x20000077        0x1 
 .bss.hsram1    0x20000078       0x50 ./Core/Src/fsmc.o
                0x20000078                hsram1
 .bss.FSMC_Initialized
                0x200000c8        0x4 ./Core/Src/fsmc.o
 .bss.lcddev    0x200000cc        0x6 ./Core/Src/lcd.o
                0x200000cc                lcddev
 *fill*         0x200000d2        0x2 
 .bss.traffic_WE
                0x200000d4       0x36 ./Core/Src/led.o
                0x200000d4                traffic_WE
 *fill*         0x2000010a        0x2 
 .bss.traffic_NS
                0x2000010c       0x36 ./Core/Src/led.o
                0x2000010c                traffic_NS
 *fill*         0x20000142        0x2 
 .bss.BOX       0x20000144       0x46 ./Core/Src/led.o
                0x20000144                BOX
 *fill*         0x2000018a        0x2 
 .bss.timer     0x2000018c       0x28 ./Core/Src/software_timer.o
                0x2000018c                timer
 .bss.hspi1     0x200001b4       0x58 ./Core/Src/spi.o
                0x200001b4                hspi1
 .bss.htim2     0x2000020c       0x48 ./Core/Src/tim.o
                0x2000020c                htim2
 .bss.uwTick    0x20000254        0x4 ./Drivers/STM32F4xx_HAL_Driver/Src/stm32f4xx_hal.o
                0x20000254                uwTick
 *(COMMON)
                0x20000258                        . = ALIGN (0x4)
                0x20000258                        _ebss = .
                0x20000258                        __bss_end__ = _ebss

._user_heap_stack
                0x20000258      0x600
                0x20000258                        . = ALIGN (0x8)
                [!provide]                        PROVIDE (end = .)
                0x20000258                        PROVIDE (_end = .)
                0x20000458                        . = (. + _Min_Heap_Size)
 *fill*         0x20000258      0x200 
                0x20000858                        . = (. + _Min_Stack_Size)
 *fill*         0x20000458      0x400 
                0x20000858                        . = ALIGN (0x8)

/DISCARD/
 libc.a(*)
 libm.a(*)
 libgcc.a(*)

.ARM.attributes
                0x00000000       0x30
 *(.ARM.attributes)
 .ARM.attributes
                0x00000000       0x22 D:/STM32CubeIDE_1.16.1/STM32CubeIDE/plugins/com.st.stm32cube.ide.mcu.externaltools.gnu-tools-for-stm32.12.3.rel1.win32_1.0.200.202406191623/tools/bin/../lib/gcc/arm-none-eabi/12.3.1/thumb/v7e-m+fp/hard/crti.o
 .ARM.attributes
                0x00000022       0x34 D:/STM32CubeIDE_1.16.1/STM32CubeIDE/plugins/com.st.stm32cube.ide.mcu.externaltools.gnu-tools-for-stm32.12.3.rel1.win32_1.0.200.202406191623/tools/bin/../lib/gcc/arm-none-eabi/12.3.1/thumb/v7e-m+fp/hard/crtbegin.o
 .ARM.attributes
                0x00000056       0x34 ./Core/Src/button.o
 .ARM.attributes
                0x0000008a       0x34 ./Core/Src/fsm.o
 .ARM.attributes
                0x000000be       0x34 ./Core/Src/fsmc.o
 .ARM.attributes
                0x000000f2       0x34 ./Core/Src/gpio.o
 .ARM.attributes
                0x00000126       0x34 ./Core/Src/lcd.o
 .ARM.attributes
                0x0000015a       0x34 ./Core/Src/led.o
 .ARM.attributes
                0x0000018e       0x34 ./Core/Src/main.o
 .ARM.attributes
                0x000001c2       0x34 ./Core/Src/picture.o
 .ARM.attributes
                0x000001f6       0x34 ./Core/Src/software_timer.o
 .ARM.attributes
                0x0000022a       0x34 ./Core/Src/spi.o
 .ARM.attributes
                0x0000025e       0x34 ./Core/Src/stm32f4xx_hal_msp.o
 .ARM.attributes
                0x00000292       0x34 ./Core/Src/stm32f4xx_it.o
 .ARM.attributes
                0x000002c6       0x34 ./Core/Src/system_stm32f4xx.o
 .ARM.attributes
                0x000002fa       0x34 ./Core/Src/tim.o
 .ARM.attributes
                0x0000032e       0x21 ./Core/Startup/startup_stm32f407zetx.o
 .ARM.attributes
                0x0000034f       0x34 ./Drivers/STM32F4xx_HAL_Driver/Src/stm32f4xx_hal.o
 .ARM.attributes
                0x00000383       0x34 ./Drivers/STM32F4xx_HAL_Driver/Src/stm32f4xx_hal_cortex.o
 .ARM.attributes
                0x000003b7       0x34 ./Drivers/STM32F4xx_HAL_Driver/Src/stm32f4xx_hal_gpio.o
 .ARM.attributes
                0x000003eb       0x34 ./Drivers/STM32F4xx_HAL_Driver/Src/stm32f4xx_hal_rcc.o
 .ARM.attributes
                0x0000041f       0x34 ./Drivers/STM32F4xx_HAL_Driver/Src/stm32f4xx_hal_spi.o
 .ARM.attributes
                0x00000453       0x34 ./Drivers/STM32F4xx_HAL_Driver/Src/stm32f4xx_hal_sram.o
 .ARM.attributes
                0x00000487       0x34 ./Drivers/STM32F4xx_HAL_Driver/Src/stm32f4xx_hal_tim.o
 .ARM.attributes
                0x000004bb       0x34 ./Drivers/STM32F4xx_HAL_Driver/Src/stm32f4xx_hal_tim_ex.o
 .ARM.attributes
                0x000004ef       0x34 ./Drivers/STM32F4xx_HAL_Driver/Src/stm32f4xx_ll_fsmc.o
 .ARM.attributes
                0x00000523       0x34 D:/STM32CubeIDE_1.16.1/STM32CubeIDE/plugins/com.st.stm32cube.ide.mcu.externaltools.gnu-tools-for-stm32.12.3.rel1.win32_1.0.200.202406191623/tools/bin/../lib/gcc/arm-none-eabi/12.3.1/../../../../arm-none-eabi/lib/thumb/v7e-m+fp/hard\libc_nano.a(libc_a-memset.o)
 .ARM.attributes
                0x00000557       0x34 D:/STM32CubeIDE_1.16.1/STM32CubeIDE/plugins/com.st.stm32cube.ide.mcu.externaltools.gnu-tools-for-stm32.12.3.rel1.win32_1.0.200.202406191623/tools/bin/../lib/gcc/arm-none-eabi/12.3.1/../../../../arm-none-eabi/lib/thumb/v7e-m+fp/hard\libc_nano.a(libc_a-init.o)
 .ARM.attributes
                0x0000058b       0x22 D:/STM32CubeIDE_1.16.1/STM32CubeIDE/plugins/com.st.stm32cube.ide.mcu.externaltools.gnu-tools-for-stm32.12.3.rel1.win32_1.0.200.202406191623/tools/bin/../lib/gcc/arm-none-eabi/12.3.1/thumb/v7e-m+fp/hard\libgcc.a(_arm_addsubdf3.o)
 .ARM.attributes
                0x000005ad       0x22 D:/STM32CubeIDE_1.16.1/STM32CubeIDE/plugins/com.st.stm32cube.ide.mcu.externaltools.gnu-tools-for-stm32.12.3.rel1.win32_1.0.200.202406191623/tools/bin/../lib/gcc/arm-none-eabi/12.3.1/thumb/v7e-m+fp/hard\libgcc.a(_arm_muldivdf3.o)
 .ARM.attributes
                0x000005cf       0x22 D:/STM32CubeIDE_1.16.1/STM32CubeIDE/plugins/com.st.stm32cube.ide.mcu.externaltools.gnu-tools-for-stm32.12.3.rel1.win32_1.0.200.202406191623/tools/bin/../lib/gcc/arm-none-eabi/12.3.1/thumb/v7e-m+fp/hard\libgcc.a(_arm_fixunsdfsi.o)
 .ARM.attributes
                0x000005f1       0x22 D:/STM32CubeIDE_1.16.1/STM32CubeIDE/plugins/com.st.stm32cube.ide.mcu.externaltools.gnu-tools-for-stm32.12.3.rel1.win32_1.0.200.202406191623/tools/bin/../lib/gcc/arm-none-eabi/12.3.1/thumb/v7e-m+fp/hard\libgcc.a(_aeabi_uldivmod.o)
 .ARM.attributes
                0x00000613       0x34 D:/STM32CubeIDE_1.16.1/STM32CubeIDE/plugins/com.st.stm32cube.ide.mcu.externaltools.gnu-tools-for-stm32.12.3.rel1.win32_1.0.200.202406191623/tools/bin/../lib/gcc/arm-none-eabi/12.3.1/thumb/v7e-m+fp/hard\libgcc.a(_udivmoddi4.o)
 .ARM.attributes
                0x00000647       0x22 D:/STM32CubeIDE_1.16.1/STM32CubeIDE/plugins/com.st.stm32cube.ide.mcu.externaltools.gnu-tools-for-stm32.12.3.rel1.win32_1.0.200.202406191623/tools/bin/../lib/gcc/arm-none-eabi/12.3.1/thumb/v7e-m+fp/hard\libgcc.a(_dvmd_tls.o)
 .ARM.attributes
                0x00000669       0x22 D:/STM32CubeIDE_1.16.1/STM32CubeIDE/plugins/com.st.stm32cube.ide.mcu.externaltools.gnu-tools-for-stm32.12.3.rel1.win32_1.0.200.202406191623/tools/bin/../lib/gcc/arm-none-eabi/12.3.1/thumb/v7e-m+fp/hard/crtn.o
OUTPUT(Bai3_Lcd_button.elf elf32-littlearm)
LOAD linker stubs
LOAD D:/STM32CubeIDE_1.16.1/STM32CubeIDE/plugins/com.st.stm32cube.ide.mcu.externaltools.gnu-tools-for-stm32.12.3.rel1.win32_1.0.200.202406191623/tools/bin/../lib/gcc/arm-none-eabi/12.3.1/../../../../arm-none-eabi/lib/thumb/v7e-m+fp/hard\libc.a
LOAD D:/STM32CubeIDE_1.16.1/STM32CubeIDE/plugins/com.st.stm32cube.ide.mcu.externaltools.gnu-tools-for-stm32.12.3.rel1.win32_1.0.200.202406191623/tools/bin/../lib/gcc/arm-none-eabi/12.3.1/../../../../arm-none-eabi/lib/thumb/v7e-m+fp/hard\libm.a
LOAD D:/STM32CubeIDE_1.16.1/STM32CubeIDE/plugins/com.st.stm32cube.ide.mcu.externaltools.gnu-tools-for-stm32.12.3.rel1.win32_1.0.200.202406191623/tools/bin/../lib/gcc/arm-none-eabi/12.3.1/thumb/v7e-m+fp/hard\libgcc.a

.debug_info     0x00000000     0xf4fe
 .debug_info    0x00000000      0x7d9 ./Core/Src/button.o
 .debug_info    0x000007d9      0x3a9 ./Core/Src/fsm.o
 .debug_info    0x00000b82      0x9ee ./Core/Src/fsmc.o
 .debug_info    0x00001570      0x45d ./Core/Src/gpio.o
 .debug_info    0x000019cd      0xd9a ./Core/Src/lcd.o
 .debug_info    0x00002767      0x4e2 ./Core/Src/led.o
 .debug_info    0x00002c49      0xc22 ./Core/Src/main.o
 .debug_info    0x0000386b       0xc4 ./Core/Src/picture.o
 .debug_info    0x0000392f      0x717 ./Core/Src/software_timer.o
 .debug_info    0x00004046      0x94d ./Core/Src/spi.o
 .debug_info    0x00004993      0x269 ./Core/Src/stm32f4xx_hal_msp.o
 .debug_info    0x00004bfc      0x6ea ./Core/Src/stm32f4xx_it.o
 .debug_info    0x000052e6      0x512 ./Core/Src/system_stm32f4xx.o
 .debug_info    0x000057f8      0xc12 ./Core/Src/tim.o
 .debug_info    0x0000640a       0x30 ./Core/Startup/startup_stm32f407zetx.o
 .debug_info    0x0000643a      0x944 ./Drivers/STM32F4xx_HAL_Driver/Src/stm32f4xx_hal.o
 .debug_info    0x00006d7e      0xd8c ./Drivers/STM32F4xx_HAL_Driver/Src/stm32f4xx_hal_cortex.o
 .debug_info    0x00007b0a      0x6c3 ./Drivers/STM32F4xx_HAL_Driver/Src/stm32f4xx_hal_gpio.o
 .debug_info    0x000081cd      0x8af ./Drivers/STM32F4xx_HAL_Driver/Src/stm32f4xx_hal_rcc.o
 .debug_info    0x00008a7c     0x1525 ./Drivers/STM32F4xx_HAL_Driver/Src/stm32f4xx_hal_spi.o
 .debug_info    0x00009fa1      0xd39 ./Drivers/STM32F4xx_HAL_Driver/Src/stm32f4xx_hal_sram.o
 .debug_info    0x0000acda     0x29ae ./Drivers/STM32F4xx_HAL_Driver/Src/stm32f4xx_hal_tim.o
 .debug_info    0x0000d688     0x14ec ./Drivers/STM32F4xx_HAL_Driver/Src/stm32f4xx_hal_tim_ex.o
 .debug_info    0x0000eb74      0x98a ./Drivers/STM32F4xx_HAL_Driver/Src/stm32f4xx_ll_fsmc.o

.debug_abbrev   0x00000000     0x2cbf
 .debug_abbrev  0x00000000      0x217 ./Core/Src/button.o
 .debug_abbrev  0x00000217      0x148 ./Core/Src/fsm.o
 .debug_abbrev  0x0000035f      0x212 ./Core/Src/fsmc.o
 .debug_abbrev  0x00000571      0x152 ./Core/Src/gpio.o
 .debug_abbrev  0x000006c3      0x341 ./Core/Src/lcd.o
 .debug_abbrev  0x00000a04      0x187 ./Core/Src/led.o
 .debug_abbrev  0x00000b8b      0x28c ./Core/Src/main.o
 .debug_abbrev  0x00000e17       0x74 ./Core/Src/picture.o
 .debug_abbrev  0x00000e8b      0x1c5 ./Core/Src/software_timer.o
 .debug_abbrev  0x00001050      0x1fa ./Core/Src/spi.o
 .debug_abbrev  0x0000124a       0xd8 ./Core/Src/stm32f4xx_hal_msp.o
 .debug_abbrev  0x00001322      0x190 ./Core/Src/stm32f4xx_it.o
 .debug_abbrev  0x000014b2      0x11a ./Core/Src/system_stm32f4xx.o
 .debug_abbrev  0x000015cc      0x1f4 ./Core/Src/tim.o
 .debug_abbrev  0x000017c0       0x24 ./Core/Startup/startup_stm32f407zetx.o
 .debug_abbrev  0x000017e4      0x214 ./Drivers/STM32F4xx_HAL_Driver/Src/stm32f4xx_hal.o
 .debug_abbrev  0x000019f8      0x31d ./Drivers/STM32F4xx_HAL_Driver/Src/stm32f4xx_hal_cortex.o
 .debug_abbrev  0x00001d15      0x1d4 ./Drivers/STM32F4xx_HAL_Driver/Src/stm32f4xx_hal_gpio.o
 .debug_abbrev  0x00001ee9      0x2b7 ./Drivers/STM32F4xx_HAL_Driver/Src/stm32f4xx_hal_rcc.o
 .debug_abbrev  0x000021a0      0x27a ./Drivers/STM32F4xx_HAL_Driver/Src/stm32f4xx_hal_spi.o
 .debug_abbrev  0x0000241a      0x20c ./Drivers/STM32F4xx_HAL_Driver/Src/stm32f4xx_hal_sram.o
 .debug_abbrev  0x00002626      0x276 ./Drivers/STM32F4xx_HAL_Driver/Src/stm32f4xx_hal_tim.o
 .debug_abbrev  0x0000289c      0x280 ./Drivers/STM32F4xx_HAL_Driver/Src/stm32f4xx_hal_tim_ex.o
 .debug_abbrev  0x00002b1c      0x1a3 ./Drivers/STM32F4xx_HAL_Driver/Src/stm32f4xx_ll_fsmc.o

.debug_aranges  0x00000000      0xf28
 .debug_aranges
                0x00000000       0x38 ./Core/Src/button.o
 .debug_aranges
                0x00000038       0x50 ./Core/Src/fsm.o
 .debug_aranges
                0x00000088       0x40 ./Core/Src/fsmc.o
 .debug_aranges
                0x000000c8       0x20 ./Core/Src/gpio.o
 .debug_aranges
                0x000000e8       0xd8 ./Core/Src/lcd.o
 .debug_aranges
                0x000001c0       0x40 ./Core/Src/led.o
 .debug_aranges
                0x00000200       0x38 ./Core/Src/main.o
 .debug_aranges
                0x00000238       0x18 ./Core/Src/picture.o
 .debug_aranges
                0x00000250       0x38 ./Core/Src/software_timer.o
 .debug_aranges
                0x00000288       0x30 ./Core/Src/spi.o
 .debug_aranges
                0x000002b8       0x20 ./Core/Src/stm32f4xx_hal_msp.o
 .debug_aranges
                0x000002d8       0x68 ./Core/Src/stm32f4xx_it.o
 .debug_aranges
                0x00000340       0x28 ./Core/Src/system_stm32f4xx.o
 .debug_aranges
                0x00000368       0x30 ./Core/Src/tim.o
 .debug_aranges
                0x00000398       0x28 ./Core/Startup/startup_stm32f407zetx.o
 .debug_aranges
                0x000003c0       0xf0 ./Drivers/STM32F4xx_HAL_Driver/Src/stm32f4xx_hal.o
 .debug_aranges
                0x000004b0      0x130 ./Drivers/STM32F4xx_HAL_Driver/Src/stm32f4xx_hal_cortex.o
 .debug_aranges
                0x000005e0       0x58 ./Drivers/STM32F4xx_HAL_Driver/Src/stm32f4xx_hal_gpio.o
 .debug_aranges
                0x00000638       0x88 ./Drivers/STM32F4xx_HAL_Driver/Src/stm32f4xx_hal_rcc.o
 .debug_aranges
                0x000006c0      0x1d0 ./Drivers/STM32F4xx_HAL_Driver/Src/stm32f4xx_hal_spi.o
 .debug_aranges
                0x00000890       0xb8 ./Drivers/STM32F4xx_HAL_Driver/Src/stm32f4xx_hal_sram.o
 .debug_aranges
                0x00000948      0x3d0 ./Drivers/STM32F4xx_HAL_Driver/Src/stm32f4xx_hal_tim.o
 .debug_aranges
                0x00000d18      0x168 ./Drivers/STM32F4xx_HAL_Driver/Src/stm32f4xx_hal_tim_ex.o
 .debug_aranges
                0x00000e80       0xa8 ./Drivers/STM32F4xx_HAL_Driver/Src/stm32f4xx_ll_fsmc.o

.debug_rnglists
                0x00000000      0xb81
 .debug_rnglists
                0x00000000       0x26 ./Core/Src/button.o
 .debug_rnglists
                0x00000026       0x3d ./Core/Src/fsm.o
 .debug_rnglists
                0x00000063       0x2d ./Core/Src/fsmc.o
 .debug_rnglists
                0x00000090       0x14 ./Core/Src/gpio.o
 .debug_rnglists
                0x000000a4       0xa8 ./Core/Src/lcd.o
 .debug_rnglists
                0x0000014c       0x2f ./Core/Src/led.o
 .debug_rnglists
                0x0000017b       0x27 ./Core/Src/main.o
 .debug_rnglists
                0x000001a2       0x25 ./Core/Src/software_timer.o
 .debug_rnglists
                0x000001c7       0x20 ./Core/Src/spi.o
 .debug_rnglists
                0x000001e7       0x13 ./Core/Src/stm32f4xx_hal_msp.o
 .debug_rnglists
                0x000001fa       0x49 ./Core/Src/stm32f4xx_it.o
 .debug_rnglists
                0x00000243       0x1a ./Core/Src/system_stm32f4xx.o
 .debug_rnglists
                0x0000025d       0x20 ./Core/Src/tim.o
 .debug_rnglists
                0x0000027d       0x19 ./Core/Startup/startup_stm32f407zetx.o
 .debug_rnglists
                0x00000296       0xaf ./Drivers/STM32F4xx_HAL_Driver/Src/stm32f4xx_hal.o
 .debug_rnglists
                0x00000345       0xe0 ./Drivers/STM32F4xx_HAL_Driver/Src/stm32f4xx_hal_cortex.o
 .debug_rnglists
                0x00000425       0x3f ./Drivers/STM32F4xx_HAL_Driver/Src/stm32f4xx_hal_gpio.o
 .debug_rnglists
                0x00000464       0x66 ./Drivers/STM32F4xx_HAL_Driver/Src/stm32f4xx_hal_rcc.o
 .debug_rnglists
                0x000004ca      0x16f ./Drivers/STM32F4xx_HAL_Driver/Src/stm32f4xx_hal_spi.o
 .debug_rnglists
                0x00000639       0x8d ./Drivers/STM32F4xx_HAL_Driver/Src/stm32f4xx_hal_sram.o
 .debug_rnglists
                0x000006c6      0x31a ./Drivers/STM32F4xx_HAL_Driver/Src/stm32f4xx_hal_tim.o
 .debug_rnglists
                0x000009e0      0x125 ./Drivers/STM32F4xx_HAL_Driver/Src/stm32f4xx_hal_tim_ex.o
 .debug_rnglists
                0x00000b05       0x7c ./Drivers/STM32F4xx_HAL_Driver/Src/stm32f4xx_ll_fsmc.o

.debug_macro    0x00000000    0x22b93
 .debug_macro   0x00000000      0x23e ./Core/Src/button.o
 .debug_macro   0x0000023e      0xab4 ./Core/Src/button.o
 .debug_macro   0x00000cf2      0x2a1 ./Core/Src/button.o
 .debug_macro   0x00000f93       0x2e ./Core/Src/button.o
 .debug_macro   0x00000fc1       0x2f ./Core/Src/button.o
 .debug_macro   0x00000ff0       0x22 ./Core/Src/button.o
 .debug_macro   0x00001012       0x8e ./Core/Src/button.o
 .debug_macro   0x000010a0       0x51 ./Core/Src/button.o
 .debug_macro   0x000010f1      0x103 ./Core/Src/button.o
 .debug_macro   0x000011f4       0x6a ./Core/Src/button.o
 .debug_macro   0x0000125e      0x1df ./Core/Src/button.o
 .debug_macro   0x0000143d       0x1c ./Core/Src/button.o
 .debug_macro   0x00001459       0x22 ./Core/Src/button.o
 .debug_macro   0x0000147b       0xfb ./Core/Src/button.o
 .debug_macro   0x00001576     0x1011 ./Core/Src/button.o
 .debug_macro   0x00002587      0x11f ./Core/Src/button.o
 .debug_macro   0x000026a6    0x15e97 ./Core/Src/button.o
 .debug_macro   0x0001853d       0x6d ./Core/Src/button.o
 .debug_macro   0x000185aa     0x369a ./Core/Src/button.o
 .debug_macro   0x0001bc44      0x189 ./Core/Src/button.o
 .debug_macro   0x0001bdcd       0x5c ./Core/Src/button.o
 .debug_macro   0x0001be29      0x980 ./Core/Src/button.o
 .debug_macro   0x0001c7a9      0x9e9 ./Core/Src/button.o
 .debug_macro   0x0001d192      0x115 ./Core/Src/button.o
 .debug_macro   0x0001d2a7      0x13e ./Core/Src/button.o
 .debug_macro   0x0001d3e5       0xa5 ./Core/Src/button.o
 .debug_macro   0x0001d48a      0x174 ./Core/Src/button.o
 .debug_macro   0x0001d5fe      0x287 ./Core/Src/button.o
 .debug_macro   0x0001d885       0x5f ./Core/Src/button.o
 .debug_macro   0x0001d8e4      0x236 ./Core/Src/button.o
 .debug_macro   0x0001db1a      0x12c ./Core/Src/button.o
 .debug_macro   0x0001dc46      0x21e ./Core/Src/button.o
 .debug_macro   0x0001de64       0x2e ./Core/Src/button.o
 .debug_macro   0x0001de92      0x516 ./Core/Src/button.o
 .debug_macro   0x0001e3a8      0x127 ./Core/Src/button.o
 .debug_macro   0x0001e4cf       0x7e ./Core/Src/button.o
 .debug_macro   0x0001e54d       0x89 ./Core/Src/button.o
 .debug_macro   0x0001e5d6      0x225 ./Core/Src/button.o
 .debug_macro   0x0001e7fb      0x8ed ./Core/Src/button.o
 .debug_macro   0x0001f0e8       0x4d ./Core/Src/button.o
 .debug_macro   0x0001f135      0x12d ./Core/Src/button.o
 .debug_macro   0x0001f262       0x88 ./Core/Src/button.o
 .debug_macro   0x0001f2ea       0x22 ./Core/Src/button.o
 .debug_macro   0x0001f30c       0x28 ./Core/Src/button.o
 .debug_macro   0x0001f334      0x369 ./Core/Src/fsm.o
 .debug_macro   0x0001f69d       0x2a ./Core/Src/fsm.o
 .debug_macro   0x0001f6c7       0x61 ./Core/Src/fsm.o
 .debug_macro   0x0001f728       0x43 ./Core/Src/fsm.o
 .debug_macro   0x0001f76b       0x34 ./Core/Src/fsm.o
 .debug_macro   0x0001f79f       0x16 ./Core/Src/fsm.o
 .debug_macro   0x0001f7b5       0x35 ./Core/Src/fsm.o
 .debug_macro   0x0001f7ea       0x16 ./Core/Src/fsm.o
 .debug_macro   0x0001f800       0x43 ./Core/Src/fsm.o
 .debug_macro   0x0001f843       0x34 ./Core/Src/fsm.o
 .debug_macro   0x0001f877       0x10 ./Core/Src/fsm.o
 .debug_macro   0x0001f887       0x58 ./Core/Src/fsm.o
 .debug_macro   0x0001f8df       0x8e ./Core/Src/fsm.o
 .debug_macro   0x0001f96d       0x1c ./Core/Src/fsm.o
 .debug_macro   0x0001f989      0x177 ./Core/Src/fsm.o
 .debug_macro   0x0001fb00      0x369 ./Core/Src/fsm.o
 .debug_macro   0x0001fe69       0x16 ./Core/Src/fsm.o
 .debug_macro   0x0001fe7f       0x29 ./Core/Src/fsm.o
 .debug_macro   0x0001fea8       0x16 ./Core/Src/fsm.o
 .debug_macro   0x0001febe       0x20 ./Core/Src/fsm.o
 .debug_macro   0x0001fede       0xca ./Core/Src/fsm.o
 .debug_macro   0x0001ffa8      0x202 ./Core/Src/fsmc.o
 .debug_macro   0x000201aa      0x202 ./Core/Src/gpio.o
 .debug_macro   0x000203ac      0x317 ./Core/Src/lcd.o
 .debug_macro   0x000206c3      0x31d ./Core/Src/led.o
 .debug_macro   0x000209e0      0x38b ./Core/Src/main.o
 .debug_macro   0x00020d6b       0x1b ./Core/Src/picture.o
 .debug_macro   0x00020d86      0x220 ./Core/Src/software_timer.o
 .debug_macro   0x00020fa6      0x202 ./Core/Src/spi.o
 .debug_macro   0x000211a8      0x1f8 ./Core/Src/stm32f4xx_hal_msp.o
 .debug_macro   0x000213a0      0x202 ./Core/Src/stm32f4xx_it.o
 .debug_macro   0x000215a2      0x1e9 ./Core/Src/system_stm32f4xx.o
 .debug_macro   0x0002178b      0x202 ./Core/Src/tim.o
 .debug_macro   0x0002198d      0x249 ./Drivers/STM32F4xx_HAL_Driver/Src/stm32f4xx_hal.o
 .debug_macro   0x00021bd6      0x1e9 ./Drivers/STM32F4xx_HAL_Driver/Src/stm32f4xx_hal_cortex.o
 .debug_macro   0x00021dbf      0x1ef ./Drivers/STM32F4xx_HAL_Driver/Src/stm32f4xx_hal_gpio.o
 .debug_macro   0x00021fae      0x20d ./Drivers/STM32F4xx_HAL_Driver/Src/stm32f4xx_hal_rcc.o
 .debug_macro   0x000221bb      0x1f8 ./Drivers/STM32F4xx_HAL_Driver/Src/stm32f4xx_hal_spi.o
 .debug_macro   0x000223b3      0x1e9 ./Drivers/STM32F4xx_HAL_Driver/Src/stm32f4xx_hal_sram.o
 .debug_macro   0x0002259c      0x1ea ./Drivers/STM32F4xx_HAL_Driver/Src/stm32f4xx_hal_tim.o
 .debug_macro   0x00022786      0x1e9 ./Drivers/STM32F4xx_HAL_Driver/Src/stm32f4xx_hal_tim_ex.o
 .debug_macro   0x0002296f      0x224 ./Drivers/STM32F4xx_HAL_Driver/Src/stm32f4xx_ll_fsmc.o

.debug_line     0x00000000    0x135d4
 .debug_line    0x00000000      0x86a ./Core/Src/button.o
 .debug_line    0x0000086a      0xcb5 ./Core/Src/fsm.o
 .debug_line    0x0000151f      0x871 ./Core/Src/fsmc.o
 .debug_line    0x00001d90      0x7cf ./Core/Src/gpio.o
 .debug_line    0x0000255f     0x1008 ./Core/Src/lcd.o
 .debug_line    0x00003567      0xccc ./Core/Src/led.o
 .debug_line    0x00004233      0xa19 ./Core/Src/main.o
 .debug_line    0x00004c4c       0x4f ./Core/Src/picture.o
 .debug_line    0x00004c9b      0x80c ./Core/Src/software_timer.o
 .debug_line    0x000054a7      0x7e2 ./Core/Src/spi.o
 .debug_line    0x00005c89      0x771 ./Core/Src/stm32f4xx_hal_msp.o
 .debug_line    0x000063fa      0x84b ./Core/Src/stm32f4xx_it.o
 .debug_line    0x00006c45      0x7f5 ./Core/Src/system_stm32f4xx.o
 .debug_line    0x0000743a      0x7de ./Core/Src/tim.o
 .debug_line    0x00007c18       0x7a ./Core/Startup/startup_stm32f407zetx.o
 .debug_line    0x00007c92      0xa5e ./Drivers/STM32F4xx_HAL_Driver/Src/stm32f4xx_hal.o
 .debug_line    0x000086f0      0xd50 ./Drivers/STM32F4xx_HAL_Driver/Src/stm32f4xx_hal_cortex.o
 .debug_line    0x00009440      0xbea ./Drivers/STM32F4xx_HAL_Driver/Src/stm32f4xx_hal_gpio.o
 .debug_line    0x0000a02a      0xde9 ./Drivers/STM32F4xx_HAL_Driver/Src/stm32f4xx_hal_rcc.o
 .debug_line    0x0000ae13     0x1d7c ./Drivers/STM32F4xx_HAL_Driver/Src/stm32f4xx_hal_spi.o
 .debug_line    0x0000cb8f      0xd73 ./Drivers/STM32F4xx_HAL_Driver/Src/stm32f4xx_hal_sram.o
 .debug_line    0x0000d902     0x3802 ./Drivers/STM32F4xx_HAL_Driver/Src/stm32f4xx_hal_tim.o
 .debug_line    0x00011104     0x1a54 ./Drivers/STM32F4xx_HAL_Driver/Src/stm32f4xx_hal_tim_ex.o
 .debug_line    0x00012b58      0xa7c ./Drivers/STM32F4xx_HAL_Driver/Src/stm32f4xx_ll_fsmc.o

.debug_str      0x00000000    0xce128
 .debug_str     0x00000000    0xc68ed ./Core/Src/button.o
                              0xc6bf6 (size before relaxing)
 .debug_str     0x000c68ed     0x3693 ./Core/Src/fsm.o
                              0xc9d4d (size before relaxing)
 .debug_str     0x000c9f80      0x3f5 ./Core/Src/fsmc.o
                              0xc6c91 (size before relaxing)
 .debug_str     0x000ca375       0x20 ./Core/Src/gpio.o
                              0xc673f (size before relaxing)
 .debug_str     0x000ca395      0x2a3 ./Core/Src/lcd.o
                              0xc9cf2 (size before relaxing)
 .debug_str     0x000ca638       0xd7 ./Core/Src/led.o
                              0xc9b18 (size before relaxing)
 .debug_str     0x000ca70f      0x439 ./Core/Src/main.o
                              0xca3ba (size before relaxing)
 .debug_str     0x000cab48       0x2d ./Core/Src/picture.o
                               0x2e2a (size before relaxing)
 .debug_str     0x000cab75       0x5c ./Core/Src/software_timer.o
                              0xc6bce (size before relaxing)
 .debug_str     0x000cabd1       0x4b ./Core/Src/spi.o
                              0xc6bcb (size before relaxing)
 .debug_str     0x000cac1c       0x2c ./Core/Src/stm32f4xx_hal_msp.o
                              0xc6674 (size before relaxing)
 .debug_str     0x000cac48       0xec ./Core/Src/stm32f4xx_it.o
                              0xc6b58 (size before relaxing)
 .debug_str     0x000cad34       0xdb ./Core/Src/system_stm32f4xx.o
                              0xc6502 (size before relaxing)
 .debug_str     0x000cae0f      0x653 ./Core/Src/tim.o
                              0xc7249 (size before relaxing)
 .debug_str     0x000cb462       0x96 ./Core/Startup/startup_stm32f407zetx.o
 .debug_str     0x000cb4f8      0x603 ./Drivers/STM32F4xx_HAL_Driver/Src/stm32f4xx_hal.o
                              0xc7086 (size before relaxing)
 .debug_str     0x000cbafb      0x36b ./Drivers/STM32F4xx_HAL_Driver/Src/stm32f4xx_hal_cortex.o
                              0xc6e02 (size before relaxing)
 .debug_str     0x000cbe66      0x11c ./Drivers/STM32F4xx_HAL_Driver/Src/stm32f4xx_hal_gpio.o
                              0xc667d (size before relaxing)
 .debug_str     0x000cbf82      0x233 ./Drivers/STM32F4xx_HAL_Driver/Src/stm32f4xx_hal_rcc.o
                              0xc6936 (size before relaxing)
 .debug_str     0x000cc1b5      0x58c ./Drivers/STM32F4xx_HAL_Driver/Src/stm32f4xx_hal_spi.o
                              0xc6dc0 (size before relaxing)
 .debug_str     0x000cc741      0x1f0 ./Drivers/STM32F4xx_HAL_Driver/Src/stm32f4xx_hal_sram.o
                              0xc6b00 (size before relaxing)
 .debug_str     0x000cc931      0xda8 ./Drivers/STM32F4xx_HAL_Driver/Src/stm32f4xx_hal_tim.o
                              0xc788c (size before relaxing)
 .debug_str     0x000cd6d9      0x493 ./Drivers/STM32F4xx_HAL_Driver/Src/stm32f4xx_hal_tim_ex.o
                              0xc7098 (size before relaxing)
 .debug_str     0x000cdb6c      0x5bc ./Drivers/STM32F4xx_HAL_Driver/Src/stm32f4xx_ll_fsmc.o
                              0xc6d6d (size before relaxing)

.comment        0x00000000       0x43
 .comment       0x00000000       0x43 ./Core/Src/button.o
                                 0x44 (size before relaxing)
 .comment       0x00000043       0x44 ./Core/Src/fsm.o
 .comment       0x00000043       0x44 ./Core/Src/fsmc.o
 .comment       0x00000043       0x44 ./Core/Src/gpio.o
 .comment       0x00000043       0x44 ./Core/Src/lcd.o
 .comment       0x00000043       0x44 ./Core/Src/led.o
 .comment       0x00000043       0x44 ./Core/Src/main.o
 .comment       0x00000043       0x44 ./Core/Src/picture.o
 .comment       0x00000043       0x44 ./Core/Src/software_timer.o
 .comment       0x00000043       0x44 ./Core/Src/spi.o
 .comment       0x00000043       0x44 ./Core/Src/stm32f4xx_hal_msp.o
 .comment       0x00000043       0x44 ./Core/Src/stm32f4xx_it.o
 .comment       0x00000043       0x44 ./Core/Src/system_stm32f4xx.o
 .comment       0x00000043       0x44 ./Core/Src/tim.o
 .comment       0x00000043       0x44 ./Drivers/STM32F4xx_HAL_Driver/Src/stm32f4xx_hal.o
 .comment       0x00000043       0x44 ./Drivers/STM32F4xx_HAL_Driver/Src/stm32f4xx_hal_cortex.o
 .comment       0x00000043       0x44 ./Drivers/STM32F4xx_HAL_Driver/Src/stm32f4xx_hal_gpio.o
 .comment       0x00000043       0x44 ./Drivers/STM32F4xx_HAL_Driver/Src/stm32f4xx_hal_rcc.o
 .comment       0x00000043       0x44 ./Drivers/STM32F4xx_HAL_Driver/Src/stm32f4xx_hal_spi.o
 .comment       0x00000043       0x44 ./Drivers/STM32F4xx_HAL_Driver/Src/stm32f4xx_hal_sram.o
 .comment       0x00000043       0x44 ./Drivers/STM32F4xx_HAL_Driver/Src/stm32f4xx_hal_tim.o
 .comment       0x00000043       0x44 ./Drivers/STM32F4xx_HAL_Driver/Src/stm32f4xx_hal_tim_ex.o
 .comment       0x00000043       0x44 ./Drivers/STM32F4xx_HAL_Driver/Src/stm32f4xx_ll_fsmc.o

.debug_frame    0x00000000     0x3e44
 .debug_frame   0x00000000       0xa0 ./Core/Src/button.o
 .debug_frame   0x000000a0       0xe0 ./Core/Src/fsm.o
 .debug_frame   0x00000180       0xbc ./Core/Src/fsmc.o
 .debug_frame   0x0000023c       0x34 ./Core/Src/gpio.o
 .debug_frame   0x00000270      0x394 ./Core/Src/lcd.o
 .debug_frame   0x00000604       0xe0 ./Core/Src/led.o
 .debug_frame   0x000006e4       0x88 ./Core/Src/main.o
 .debug_frame   0x0000076c       0xa8 ./Core/Src/software_timer.o
 .debug_frame   0x00000814       0x74 ./Core/Src/spi.o
 .debug_frame   0x00000888       0x38 ./Core/Src/stm32f4xx_hal_msp.o
 .debug_frame   0x000008c0      0x120 ./Core/Src/stm32f4xx_it.o
 .debug_frame   0x000009e0       0x58 ./Core/Src/system_stm32f4xx.o
 .debug_frame   0x00000a38       0x7c ./Core/Src/tim.o
 .debug_frame   0x00000ab4      0x374 ./Drivers/STM32F4xx_HAL_Driver/Src/stm32f4xx_hal.o
 .debug_frame   0x00000e28      0x508 ./Drivers/STM32F4xx_HAL_Driver/Src/stm32f4xx_hal_cortex.o
 .debug_frame   0x00001330      0x14c ./Drivers/STM32F4xx_HAL_Driver/Src/stm32f4xx_hal_gpio.o
 .debug_frame   0x0000147c      0x1f4 ./Drivers/STM32F4xx_HAL_Driver/Src/stm32f4xx_hal_rcc.o
 .debug_frame   0x00001670      0x828 ./Drivers/STM32F4xx_HAL_Driver/Src/stm32f4xx_hal_spi.o
 .debug_frame   0x00001e98      0x30c ./Drivers/STM32F4xx_HAL_Driver/Src/stm32f4xx_hal_sram.o
 .debug_frame   0x000021a4     0x11c0 ./Drivers/STM32F4xx_HAL_Driver/Src/stm32f4xx_hal_tim.o
 .debug_frame   0x00003364      0x638 ./Drivers/STM32F4xx_HAL_Driver/Src/stm32f4xx_hal_tim_ex.o
 .debug_frame   0x0000399c      0x2dc ./Drivers/STM32F4xx_HAL_Driver/Src/stm32f4xx_ll_fsmc.o
 .debug_frame   0x00003c78       0x20 D:/STM32CubeIDE_1.16.1/STM32CubeIDE/plugins/com.st.stm32cube.ide.mcu.externaltools.gnu-tools-for-stm32.12.3.rel1.win32_1.0.200.202406191623/tools/bin/../lib/gcc/arm-none-eabi/12.3.1/../../../../arm-none-eabi/lib/thumb/v7e-m+fp/hard\libc_nano.a(libc_a-memset.o)
 .debug_frame   0x00003c98       0x2c D:/STM32CubeIDE_1.16.1/STM32CubeIDE/plugins/com.st.stm32cube.ide.mcu.externaltools.gnu-tools-for-stm32.12.3.rel1.win32_1.0.200.202406191623/tools/bin/../lib/gcc/arm-none-eabi/12.3.1/../../../../arm-none-eabi/lib/thumb/v7e-m+fp/hard\libc_nano.a(libc_a-init.o)
 .debug_frame   0x00003cc4       0xac D:/STM32CubeIDE_1.16.1/STM32CubeIDE/plugins/com.st.stm32cube.ide.mcu.externaltools.gnu-tools-for-stm32.12.3.rel1.win32_1.0.200.202406191623/tools/bin/../lib/gcc/arm-none-eabi/12.3.1/thumb/v7e-m+fp/hard\libgcc.a(_arm_addsubdf3.o)
 .debug_frame   0x00003d70       0x50 D:/STM32CubeIDE_1.16.1/STM32CubeIDE/plugins/com.st.stm32cube.ide.mcu.externaltools.gnu-tools-for-stm32.12.3.rel1.win32_1.0.200.202406191623/tools/bin/../lib/gcc/arm-none-eabi/12.3.1/thumb/v7e-m+fp/hard\libgcc.a(_arm_muldivdf3.o)
 .debug_frame   0x00003dc0       0x24 D:/STM32CubeIDE_1.16.1/STM32CubeIDE/plugins/com.st.stm32cube.ide.mcu.externaltools.gnu-tools-for-stm32.12.3.rel1.win32_1.0.200.202406191623/tools/bin/../lib/gcc/arm-none-eabi/12.3.1/thumb/v7e-m+fp/hard\libgcc.a(_arm_fixunsdfsi.o)
 .debug_frame   0x00003de4       0x2c D:/STM32CubeIDE_1.16.1/STM32CubeIDE/plugins/com.st.stm32cube.ide.mcu.externaltools.gnu-tools-for-stm32.12.3.rel1.win32_1.0.200.202406191623/tools/bin/../lib/gcc/arm-none-eabi/12.3.1/thumb/v7e-m+fp/hard\libgcc.a(_aeabi_uldivmod.o)
 .debug_frame   0x00003e10       0x34 D:/STM32CubeIDE_1.16.1/STM32CubeIDE/plugins/com.st.stm32cube.ide.mcu.externaltools.gnu-tools-for-stm32.12.3.rel1.win32_1.0.200.202406191623/tools/bin/../lib/gcc/arm-none-eabi/12.3.1/thumb/v7e-m+fp/hard\libgcc.a(_udivmoddi4.o)

.debug_line_str
                0x00000000       0x7a
 .debug_line_str
                0x00000000       0x7a ./Core/Startup/startup_stm32f407zetx.o
